=== Basic Alignment Info ===
alignof(char) = 1
alignof(int)  = 4
alignof(double) = 8

=== Struct S1: {char, int, char} ===
sizeof(S1) = 12
alignof(S1) = 4
  offset(a) = 0
  offset(b) = 4
  offset(c) = 8

ASCII layout for S1
offset  : [0][1][2][3][4][5][6][7][8][9][10][11]
content : [a][p][p][p][b][b][b][b][c][p][p][p]
(p = padding)

=== Struct S2: {int, char, char} ===
sizeof(S2) = 8
alignof(S2) = 4
  offset(b) = 0
  offset(a) = 4
  offset(c) = 5

ASCII layout for S2
offset  : [0][1][2][3][4][5][6][7]
content : [b][b][b][b][a][c][p][p]
(p = padding)

=== Custom aligned type (alignas(16)) ===
sizeof(Vec4Like) = 16
alignof(Vec4Like) = 16

=== Runtime Addresses ===
S1 addresses:
  &s1 = 0x7fff3c248f14  (addr % 4 = 0)
  &s1.a = 0x7fff3c248f14  (addr % 1 = 0)
  &s1.b = 0x7fff3c248f18  (addr % 4 = 0)
  &s1.c = 0x7fff3c248f1c  (addr % 1 = 0)

S2 addresses:
  &s2 = 0x7fff3c248f0c  (addr % 4 = 0)
  &s2.b = 0x7fff3c248f0c  (addr % 4 = 0)
  &s2.a = 0x7fff3c248f10  (addr % 1 = 0)
  &s2.c = 0x7fff3c248f11  (addr % 1 = 0)

Vec4Like addresses:
  &v = 0x7fff3c248f20  (addr % 16 = 0)
  &v.x = 0x7fff3c248f20  (addr % 4 = 0)
  &v.y = 0x7fff3c248f24  (addr % 4 = 0)
  &v.z = 0x7fff3c248f28  (addr % 4 = 0)
  &v.w = 0x7fff3c248f2c  (addr % 4 = 0)

Conclusion:
1) Alignment means an object prefers addresses that are multiples of its alignment.
2) Padding bytes may be inserted between members and at the end of struct.
3) Member order can change struct size and memory efficiency.
4) Proper alignment matters for performance and sometimes correctness on some CPUs.
